[2025-12-28 15:57:32] MEDIUM - Admin Privileges Assigned on LAPTOP-UCGEET2O
[2025-12-28 15:57:51] HIGH - Brute Force Detection on LAPTOP-UCGEET2O - 3 failed attempts
[2025-12-28 15:59:01] MEDIUM - Admin Privileges Assigned on LAPTOP-UCGEET2O
[2025-12-28 16:03:05] HIGH - Brute Force Detection on LAPTOP-UCGEET2O - 2 failed attempts
[2025-12-28 16:05:14] MEDIUM - Admin Privileges Assigned on LAPTOP-UCGEET2O
[2025-12-28 16:07:14] HIGH - Brute Force Detection on LAPTOP-UCGEET2O - 4 failed attempts
[2025-12-28 16:09:23] MEDIUM - Admin Privileges Assigned on LAPTOP-UCGEET2O
[2025-12-28 16:16:45] HIGH - Brute Force Detection on LAPTOP-UCGEET2O - 4 failed attempts
[2025-12-28 16:17:34] MEDIUM - Admin Privileges Assigned on LAPTOP-UCGEET2O
[2025-12-28 16:22:34] MEDIUM - Admin Privileges Assigned on LAPTOP-UCGEET2O
[2025-12-28 16:27:36] MEDIUM - Admin Privileges Assigned on LAPTOP-UCGEET2O
[2025-12-28 16:28:26] HIGH - Brute Force Detection on LAPTOP-UCGEET2O - 3 failed attempts
[2025-12-28 16:29:02] HIGH - Brute Force Detection on LAPTOP-UCGEET2O - 3 failed attempts
[2025-12-28 16:33:36] HIGH - Brute Force Detection on LAPTOP-UCGEET2O - 3 failed attempts
[2025-12-28 16:37:37] MEDIUM - Admin Privileges Assigned on LAPTOP-UCGEET2O
[2025-12-28 16:39:34] HIGH - Brute Force Detection on LAPTOP-UCGEET2O - 4 failed attempts
[2025-12-28 16:40:35] HIGH - Brute Force Detection on LAPTOP-UCGEET2O - 4 failed attempts
[2026-01-02 13:46:11] AlertSeverity.HIGH - Brute Force Detection on Unknown - 0 failed attempts
[2026-01-02 13:46:11] AlertSeverity.MEDIUM - Admin Privileges Assigned on Unknown
[2026-01-02 13:46:11] AlertSeverity.MEDIUM - Admin Privileges Assigned on Unknown
[2026-01-02 13:46:11] AlertSeverity.MEDIUM - Admin Privileges Assigned on Unknown
[2026-01-02 13:46:12] AlertSeverity.MEDIUM - Admin Privileges Assigned on Unknown
[2026-01-02 13:46:12] AlertSeverity.MEDIUM - Admin Privileges Assigned on Unknown
[2026-01-02 13:46:12] AlertSeverity.MEDIUM - Admin Privileges Assigned on Unknown
[2026-01-02 13:46:12] AlertSeverity.MEDIUM - Admin Privileges Assigned on Unknown
[2026-01-02 13:46:12] AlertSeverity.MEDIUM - Admin Privileges Assigned on Unknown
[2026-01-02 13:46:12] AlertSeverity.MEDIUM - Admin Privileges Assigned on Unknown
[2026-01-02 13:46:12] AlertSeverity.MEDIUM - Admin Privileges Assigned on Unknown
[2026-01-02 13:46:12] AlertSeverity.MEDIUM - Admin Privileges Assigned on Unknown
[2026-01-02 13:46:12] AlertSeverity.MEDIUM - Admin Privileges Assigned on Unknown
[2026-01-02 13:46:12] AlertSeverity.MEDIUM - Admin Privileges Assigned on Unknown
[2026-01-02 13:46:12] AlertSeverity.MEDIUM - Admin Privileges Assigned on Unknown
[2026-01-02 13:46:12] AlertSeverity.MEDIUM - Admin Privileges Assigned on Unknown
[2026-01-02 13:46:12] AlertSeverity.MEDIUM - Admin Privileges Assigned on Unknown
[2026-01-02 13:46:12] AlertSeverity.MEDIUM - Admin Privileges Assigned on Unknown
[2026-01-02 13:46:12] AlertSeverity.MEDIUM - Admin Privileges Assigned on Unknown
[2026-01-02 13:46:12] AlertSeverity.MEDIUM - Admin Privileges Assigned on Unknown
[2026-01-02 13:46:12] AlertSeverity.MEDIUM - Admin Privileges Assigned on Unknown
[2026-01-02 13:46:12] AlertSeverity.MEDIUM - Admin Privileges Assigned on Unknown
[2026-01-02 13:46:12] AlertSeverity.MEDIUM - Admin Privileges Assigned on Unknown
[2026-01-02 13:46:12] AlertSeverity.MEDIUM - Admin Privileges Assigned on Unknown
[2026-01-02 13:46:12] AlertSeverity.MEDIUM - Admin Privileges Assigned on Unknown
[2026-01-02 13:46:12] AlertSeverity.MEDIUM - Admin Privileges Assigned on Unknown
[2026-01-02 13:46:12] AlertSeverity.MEDIUM - Admin Privileges Assigned on Unknown
[2026-01-02 13:46:12] AlertSeverity.MEDIUM - Admin Privileges Assigned on Unknown
[2026-01-02 13:46:12] AlertSeverity.MEDIUM - Admin Privileges Assigned on Unknown
[2026-01-02 13:46:12] AlertSeverity.MEDIUM - Admin Privileges Assigned on Unknown
[2026-01-02 13:46:12] AlertSeverity.MEDIUM - Admin Privileges Assigned on Unknown
[2026-01-02 13:46:12] AlertSeverity.MEDIUM - Admin Privileges Assigned on Unknown
[2026-01-02 13:46:12] AlertSeverity.MEDIUM - Admin Privileges Assigned on Unknown
[2026-01-02 13:46:12] AlertSeverity.MEDIUM - Admin Privileges Assigned on Unknown
[2026-01-02 13:46:12] AlertSeverity.MEDIUM - Admin Privileges Assigned on Unknown
[2026-01-02 13:46:12] AlertSeverity.MEDIUM - Admin Privileges Assigned on Unknown
[2026-01-02 13:46:12] AlertSeverity.MEDIUM - Admin Privileges Assigned on Unknown
[2026-01-02 13:46:12] AlertSeverity.MEDIUM - Admin Privileges Assigned on Unknown
[2026-01-02 13:46:12] AlertSeverity.MEDIUM - Admin Privileges Assigned on Unknown
[2026-01-02 13:46:12] AlertSeverity.MEDIUM - Admin Privileges Assigned on Unknown
[2026-01-02 13:46:12] AlertSeverity.MEDIUM - Admin Privileges Assigned on Unknown
[2026-01-02 13:46:12] AlertSeverity.MEDIUM - Admin Privileges Assigned on Unknown
[2026-01-02 13:46:12] AlertSeverity.MEDIUM - Admin Privileges Assigned on Unknown
[2026-01-02 13:46:12] AlertSeverity.MEDIUM - Admin Privileges Assigned on Unknown
[2026-01-02 13:46:12] AlertSeverity.MEDIUM - Admin Privileges Assigned on Unknown
[2026-01-02 13:46:12] AlertSeverity.MEDIUM - Admin Privileges Assigned on Unknown
[2026-01-02 13:46:12] AlertSeverity.MEDIUM - Admin Privileges Assigned on Unknown
[2026-01-02 13:46:12] AlertSeverity.MEDIUM - Admin Privileges Assigned on Unknown
[2026-01-02 13:46:12] AlertSeverity.MEDIUM - Admin Privileges Assigned on Unknown
[2026-01-02 13:48:43] AlertSeverity.HIGH - Brute Force Detection on Unknown - 0 failed attempts
[2026-01-02 13:48:43] AlertSeverity.MEDIUM - Admin Privileges Assigned on Unknown
[2026-01-02 13:48:43] AlertSeverity.MEDIUM - Admin Privileges Assigned on Unknown
[2026-01-02 13:48:43] AlertSeverity.MEDIUM - Admin Privileges Assigned on Unknown
[2026-01-02 13:48:43] AlertSeverity.MEDIUM - Admin Privileges Assigned on Unknown
[2026-01-02 13:48:43] AlertSeverity.MEDIUM - Admin Privileges Assigned on Unknown
[2026-01-02 13:48:43] AlertSeverity.MEDIUM - Admin Privileges Assigned on Unknown
[2026-01-02 13:48:43] AlertSeverity.MEDIUM - Admin Privileges Assigned on Unknown
[2026-01-02 13:48:43] AlertSeverity.MEDIUM - Admin Privileges Assigned on Unknown
[2026-01-02 13:48:43] AlertSeverity.MEDIUM - Admin Privileges Assigned on Unknown
[2026-01-02 13:48:43] AlertSeverity.MEDIUM - Admin Privileges Assigned on Unknown
[2026-01-02 13:48:43] AlertSeverity.MEDIUM - Admin Privileges Assigned on Unknown
[2026-01-02 13:48:43] AlertSeverity.MEDIUM - Admin Privileges Assigned on Unknown
[2026-01-02 13:48:43] AlertSeverity.MEDIUM - Admin Privileges Assigned on Unknown
[2026-01-02 13:48:43] AlertSeverity.MEDIUM - Admin Privileges Assigned on Unknown
[2026-01-02 13:48:43] AlertSeverity.MEDIUM - Admin Privileges Assigned on Unknown
[2026-01-02 13:48:43] AlertSeverity.MEDIUM - Admin Privileges Assigned on Unknown
[2026-01-02 13:48:43] AlertSeverity.MEDIUM - Admin Privileges Assigned on Unknown
[2026-01-02 13:48:43] AlertSeverity.MEDIUM - Admin Privileges Assigned on Unknown
[2026-01-02 13:48:43] AlertSeverity.MEDIUM - Admin Privileges Assigned on Unknown
[2026-01-02 13:48:43] AlertSeverity.MEDIUM - Admin Privileges Assigned on Unknown
[2026-01-02 13:48:43] AlertSeverity.MEDIUM - Admin Privileges Assigned on Unknown
[2026-01-02 13:48:43] AlertSeverity.MEDIUM - Admin Privileges Assigned on Unknown
[2026-01-02 13:48:43] AlertSeverity.MEDIUM - Admin Privileges Assigned on Unknown
[2026-01-02 13:48:43] AlertSeverity.MEDIUM - Admin Privileges Assigned on Unknown
[2026-01-02 13:48:43] AlertSeverity.MEDIUM - Admin Privileges Assigned on Unknown
[2026-01-02 13:48:43] AlertSeverity.MEDIUM - Admin Privileges Assigned on Unknown
[2026-01-02 13:48:43] AlertSeverity.MEDIUM - Admin Privileges Assigned on Unknown
[2026-01-02 13:48:43] AlertSeverity.MEDIUM - Admin Privileges Assigned on Unknown
[2026-01-02 13:48:43] AlertSeverity.MEDIUM - Admin Privileges Assigned on Unknown
[2026-01-02 13:48:43] AlertSeverity.MEDIUM - Admin Privileges Assigned on Unknown
[2026-01-02 13:48:43] AlertSeverity.MEDIUM - Admin Privileges Assigned on Unknown
[2026-01-02 13:48:43] AlertSeverity.MEDIUM - Admin Privileges Assigned on Unknown
[2026-01-02 13:48:43] AlertSeverity.MEDIUM - Admin Privileges Assigned on Unknown
[2026-01-02 13:48:43] AlertSeverity.MEDIUM - Admin Privileges Assigned on Unknown
[2026-01-02 13:48:43] AlertSeverity.MEDIUM - Admin Privileges Assigned on Unknown
[2026-01-02 13:48:43] AlertSeverity.MEDIUM - Admin Privileges Assigned on Unknown
[2026-01-02 13:48:43] AlertSeverity.MEDIUM - Admin Privileges Assigned on Unknown
[2026-01-02 13:48:43] AlertSeverity.MEDIUM - Admin Privileges Assigned on Unknown
[2026-01-02 13:48:43] AlertSeverity.MEDIUM - Admin Privileges Assigned on Unknown
[2026-01-02 13:48:43] AlertSeverity.MEDIUM - Admin Privileges Assigned on Unknown
[2026-01-02 13:48:43] AlertSeverity.MEDIUM - Admin Privileges Assigned on Unknown
[2026-01-02 13:48:43] AlertSeverity.MEDIUM - Admin Privileges Assigned on Unknown
[2026-01-02 13:48:43] AlertSeverity.MEDIUM - Admin Privileges Assigned on Unknown
[2026-01-02 13:48:43] AlertSeverity.MEDIUM - Admin Privileges Assigned on Unknown
[2026-01-02 13:48:43] AlertSeverity.MEDIUM - Admin Privileges Assigned on Unknown
[2026-01-02 13:48:43] AlertSeverity.MEDIUM - Admin Privileges Assigned on Unknown
[2026-01-02 13:48:43] AlertSeverity.MEDIUM - Admin Privileges Assigned on Unknown
[2026-01-02 13:48:43] AlertSeverity.MEDIUM - Admin Privileges Assigned on Unknown
[2026-01-02 13:51:32] AlertSeverity.HIGH - Brute Force Detection on Unknown - 0 failed attempts
[2026-01-02 13:51:32] AlertSeverity.MEDIUM - Admin Privileges Assigned on Unknown
[2026-01-02 13:51:32] AlertSeverity.MEDIUM - Admin Privileges Assigned on Unknown
[2026-01-02 13:51:32] AlertSeverity.MEDIUM - Admin Privileges Assigned on Unknown
[2026-01-02 13:51:32] AlertSeverity.MEDIUM - Admin Privileges Assigned on Unknown
[2026-01-02 13:51:32] AlertSeverity.MEDIUM - Admin Privileges Assigned on Unknown
[2026-01-02 13:51:32] AlertSeverity.MEDIUM - Admin Privileges Assigned on Unknown
[2026-01-02 13:51:32] AlertSeverity.MEDIUM - Admin Privileges Assigned on Unknown
[2026-01-02 13:51:32] AlertSeverity.MEDIUM - Admin Privileges Assigned on Unknown
[2026-01-02 13:51:32] AlertSeverity.MEDIUM - Admin Privileges Assigned on Unknown
[2026-01-02 13:51:32] AlertSeverity.MEDIUM - Admin Privileges Assigned on Unknown
[2026-01-02 13:51:32] AlertSeverity.MEDIUM - Admin Privileges Assigned on Unknown
[2026-01-02 13:51:32] AlertSeverity.MEDIUM - Admin Privileges Assigned on Unknown
[2026-01-02 13:51:32] AlertSeverity.MEDIUM - Admin Privileges Assigned on Unknown
[2026-01-02 13:51:32] AlertSeverity.MEDIUM - Admin Privileges Assigned on Unknown
[2026-01-02 13:51:32] AlertSeverity.MEDIUM - Admin Privileges Assigned on Unknown
[2026-01-02 13:51:32] AlertSeverity.MEDIUM - Admin Privileges Assigned on Unknown
[2026-01-02 13:51:32] AlertSeverity.MEDIUM - Admin Privileges Assigned on Unknown
[2026-01-02 13:51:32] AlertSeverity.MEDIUM - Admin Privileges Assigned on Unknown
[2026-01-02 13:51:32] AlertSeverity.MEDIUM - Admin Privileges Assigned on Unknown
[2026-01-02 13:51:32] AlertSeverity.MEDIUM - Admin Privileges Assigned on Unknown
[2026-01-02 13:51:32] AlertSeverity.MEDIUM - Admin Privileges Assigned on Unknown
[2026-01-02 13:51:32] AlertSeverity.MEDIUM - Admin Privileges Assigned on Unknown
[2026-01-02 13:51:32] AlertSeverity.MEDIUM - Admin Privileges Assigned on Unknown
[2026-01-02 13:51:32] AlertSeverity.MEDIUM - Admin Privileges Assigned on Unknown
[2026-01-02 13:51:32] AlertSeverity.MEDIUM - Admin Privileges Assigned on Unknown
[2026-01-02 13:51:32] AlertSeverity.MEDIUM - Admin Privileges Assigned on Unknown
[2026-01-02 13:51:32] AlertSeverity.MEDIUM - Admin Privileges Assigned on Unknown
[2026-01-02 13:51:32] AlertSeverity.MEDIUM - Admin Privileges Assigned on Unknown
[2026-01-02 13:51:32] AlertSeverity.MEDIUM - Admin Privileges Assigned on Unknown
[2026-01-02 13:51:32] AlertSeverity.MEDIUM - Admin Privileges Assigned on Unknown
[2026-01-02 13:51:32] AlertSeverity.MEDIUM - Admin Privileges Assigned on Unknown
[2026-01-02 13:51:32] AlertSeverity.MEDIUM - Admin Privileges Assigned on Unknown
[2026-01-02 13:51:32] AlertSeverity.MEDIUM - Admin Privileges Assigned on Unknown
[2026-01-02 13:51:32] AlertSeverity.MEDIUM - Admin Privileges Assigned on Unknown
[2026-01-02 13:51:32] AlertSeverity.MEDIUM - Admin Privileges Assigned on Unknown
[2026-01-02 13:51:32] AlertSeverity.MEDIUM - Admin Privileges Assigned on Unknown
[2026-01-02 13:51:32] AlertSeverity.MEDIUM - Admin Privileges Assigned on Unknown
[2026-01-02 13:51:32] AlertSeverity.MEDIUM - Admin Privileges Assigned on Unknown
[2026-01-02 13:51:32] AlertSeverity.MEDIUM - Admin Privileges Assigned on Unknown
[2026-01-02 13:51:32] AlertSeverity.MEDIUM - Admin Privileges Assigned on Unknown
[2026-01-02 13:51:32] AlertSeverity.MEDIUM - Admin Privileges Assigned on Unknown
[2026-01-02 13:51:32] AlertSeverity.MEDIUM - Admin Privileges Assigned on Unknown
[2026-01-02 13:51:32] AlertSeverity.MEDIUM - Admin Privileges Assigned on Unknown
[2026-01-02 13:51:32] AlertSeverity.MEDIUM - Admin Privileges Assigned on Unknown
[2026-01-02 13:51:32] AlertSeverity.MEDIUM - Admin Privileges Assigned on Unknown
[2026-01-02 13:51:32] AlertSeverity.MEDIUM - Admin Privileges Assigned on Unknown
[2026-01-02 13:51:32] AlertSeverity.MEDIUM - Admin Privileges Assigned on Unknown
[2026-01-02 13:51:32] AlertSeverity.MEDIUM - Admin Privileges Assigned on Unknown
[2026-01-02 13:54:54] HIGH - Brute Force Detection on DESKTOP-R2MQT0E - 4 failed attempts
[2026-01-02 13:54:54] MEDIUM - Admin Privileges Assigned on DESKTOP-R2MQT0E
[2026-01-02 13:54:54] MEDIUM - Admin Privileges Assigned on DESKTOP-R2MQT0E
[2026-01-02 13:54:54] MEDIUM - Admin Privileges Assigned on DESKTOP-R2MQT0E
[2026-01-02 13:54:54] MEDIUM - Admin Privileges Assigned on DESKTOP-R2MQT0E
[2026-01-02 13:54:54] MEDIUM - Admin Privileges Assigned on DESKTOP-R2MQT0E
[2026-01-02 13:54:54] MEDIUM - Admin Privileges Assigned on DESKTOP-R2MQT0E
[2026-01-02 13:54:54] MEDIUM - Admin Privileges Assigned on DESKTOP-R2MQT0E
[2026-01-02 13:54:54] MEDIUM - Admin Privileges Assigned on DESKTOP-R2MQT0E
[2026-01-02 13:54:54] MEDIUM - Admin Privileges Assigned on DESKTOP-R2MQT0E
[2026-01-02 13:54:54] MEDIUM - Admin Privileges Assigned on DESKTOP-R2MQT0E
[2026-01-02 13:54:54] MEDIUM - Admin Privileges Assigned on DESKTOP-R2MQT0E
[2026-01-02 13:54:54] MEDIUM - Admin Privileges Assigned on DESKTOP-R2MQT0E
[2026-01-02 13:54:54] MEDIUM - Admin Privileges Assigned on DESKTOP-R2MQT0E
[2026-01-02 13:54:54] MEDIUM - Admin Privileges Assigned on DESKTOP-R2MQT0E
[2026-01-02 13:54:54] MEDIUM - Admin Privileges Assigned on DESKTOP-R2MQT0E
[2026-01-02 13:54:54] MEDIUM - Admin Privileges Assigned on DESKTOP-R2MQT0E
[2026-01-02 13:54:54] MEDIUM - Admin Privileges Assigned on DESKTOP-R2MQT0E
[2026-01-02 13:54:54] MEDIUM - Admin Privileges Assigned on DESKTOP-R2MQT0E
[2026-01-02 13:54:54] MEDIUM - Admin Privileges Assigned on DESKTOP-R2MQT0E
[2026-01-02 13:54:54] MEDIUM - Admin Privileges Assigned on DESKTOP-R2MQT0E
[2026-01-02 13:54:54] MEDIUM - Admin Privileges Assigned on DESKTOP-R2MQT0E
[2026-01-02 13:54:54] MEDIUM - Admin Privileges Assigned on DESKTOP-R2MQT0E
[2026-01-02 13:54:54] MEDIUM - Admin Privileges Assigned on DESKTOP-R2MQT0E
[2026-01-02 13:54:54] MEDIUM - Admin Privileges Assigned on DESKTOP-R2MQT0E
[2026-01-02 13:54:54] MEDIUM - Admin Privileges Assigned on DESKTOP-R2MQT0E
[2026-01-02 13:54:54] MEDIUM - Admin Privileges Assigned on DESKTOP-R2MQT0E
[2026-01-02 13:54:54] MEDIUM - Admin Privileges Assigned on DESKTOP-R2MQT0E
[2026-01-02 13:54:54] MEDIUM - Admin Privileges Assigned on DESKTOP-R2MQT0E
[2026-01-02 13:54:54] MEDIUM - Admin Privileges Assigned on DESKTOP-R2MQT0E
[2026-01-02 13:54:54] MEDIUM - Admin Privileges Assigned on DESKTOP-R2MQT0E
[2026-01-02 13:54:54] MEDIUM - Admin Privileges Assigned on DESKTOP-R2MQT0E
[2026-01-02 13:54:54] MEDIUM - Admin Privileges Assigned on DESKTOP-R2MQT0E
[2026-01-02 13:54:54] MEDIUM - Admin Privileges Assigned on DESKTOP-R2MQT0E
[2026-01-02 13:54:54] MEDIUM - Admin Privileges Assigned on DESKTOP-R2MQT0E
[2026-01-02 13:54:54] MEDIUM - Admin Privileges Assigned on DESKTOP-R2MQT0E
[2026-01-02 13:54:54] MEDIUM - Admin Privileges Assigned on DESKTOP-R2MQT0E
[2026-01-02 13:54:54] MEDIUM - Admin Privileges Assigned on DESKTOP-R2MQT0E
[2026-01-02 13:54:54] MEDIUM - Admin Privileges Assigned on DESKTOP-R2MQT0E
[2026-01-02 13:54:54] MEDIUM - Admin Privileges Assigned on DESKTOP-R2MQT0E
[2026-01-02 13:54:54] MEDIUM - Admin Privileges Assigned on DESKTOP-R2MQT0E
[2026-01-02 13:54:54] MEDIUM - Admin Privileges Assigned on DESKTOP-R2MQT0E
[2026-01-02 13:54:54] MEDIUM - Admin Privileges Assigned on DESKTOP-R2MQT0E
[2026-01-02 13:54:54] MEDIUM - Admin Privileges Assigned on DESKTOP-R2MQT0E
[2026-01-02 13:54:54] MEDIUM - Admin Privileges Assigned on DESKTOP-R2MQT0E
[2026-01-02 13:54:54] MEDIUM - Admin Privileges Assigned on DESKTOP-R2MQT0E
[2026-01-02 13:54:54] MEDIUM - Admin Privileges Assigned on DESKTOP-R2MQT0E
[2026-01-02 13:54:54] MEDIUM - Admin Privileges Assigned on DESKTOP-R2MQT0E
[2026-01-02 13:54:54] MEDIUM - Admin Privileges Assigned on DESKTOP-R2MQT0E
[2026-01-02 13:59:59] MEDIUM - Admin Privileges Assigned on LAPTOP-UCGEET2O
[2026-01-02 14:00:24] HIGH - Brute Force Detection on DESKTOP-R2MQT0E - 7 failed attempts
[2026-01-02 14:00:24] MEDIUM - Admin Privileges Assigned on DESKTOP-R2MQT0E
[2026-01-02 14:00:24] MEDIUM - Admin Privileges Assigned on DESKTOP-R2MQT0E
[2026-01-02 14:00:24] MEDIUM - Admin Privileges Assigned on DESKTOP-R2MQT0E
[2026-01-02 14:00:24] MEDIUM - Admin Privileges Assigned on DESKTOP-R2MQT0E
[2026-01-02 14:00:24] MEDIUM - Admin Privileges Assigned on DESKTOP-R2MQT0E
[2026-01-02 14:00:24] MEDIUM - Admin Privileges Assigned on DESKTOP-R2MQT0E
[2026-01-02 14:00:24] MEDIUM - Admin Privileges Assigned on DESKTOP-R2MQT0E
[2026-01-02 14:00:24] MEDIUM - Admin Privileges Assigned on DESKTOP-R2MQT0E
[2026-01-02 14:00:24] MEDIUM - Admin Privileges Assigned on DESKTOP-R2MQT0E
[2026-01-02 14:00:24] MEDIUM - Admin Privileges Assigned on DESKTOP-R2MQT0E
[2026-01-02 14:00:24] MEDIUM - Admin Privileges Assigned on DESKTOP-R2MQT0E
[2026-01-02 14:00:24] MEDIUM - Admin Privileges Assigned on DESKTOP-R2MQT0E
[2026-01-02 14:00:24] MEDIUM - Admin Privileges Assigned on DESKTOP-R2MQT0E
[2026-01-02 14:00:24] MEDIUM - Admin Privileges Assigned on DESKTOP-R2MQT0E
[2026-01-02 14:00:24] MEDIUM - Admin Privileges Assigned on DESKTOP-R2MQT0E
[2026-01-02 14:00:24] MEDIUM - Admin Privileges Assigned on DESKTOP-R2MQT0E
[2026-01-02 14:00:24] MEDIUM - Admin Privileges Assigned on DESKTOP-R2MQT0E
[2026-01-02 14:00:24] MEDIUM - Admin Privileges Assigned on DESKTOP-R2MQT0E
[2026-01-02 14:00:24] MEDIUM - Admin Privileges Assigned on DESKTOP-R2MQT0E
[2026-01-02 14:00:24] MEDIUM - Admin Privileges Assigned on DESKTOP-R2MQT0E
[2026-01-02 14:00:24] MEDIUM - Admin Privileges Assigned on DESKTOP-R2MQT0E
[2026-01-02 14:00:24] MEDIUM - Admin Privileges Assigned on DESKTOP-R2MQT0E
[2026-01-02 14:00:24] MEDIUM - Admin Privileges Assigned on DESKTOP-R2MQT0E
[2026-01-02 14:00:24] MEDIUM - Admin Privileges Assigned on DESKTOP-R2MQT0E
[2026-01-02 14:00:24] MEDIUM - Admin Privileges Assigned on DESKTOP-R2MQT0E
[2026-01-02 14:00:24] MEDIUM - Admin Privileges Assigned on DESKTOP-R2MQT0E
[2026-01-02 14:00:24] MEDIUM - Admin Privileges Assigned on DESKTOP-R2MQT0E
[2026-01-02 14:00:24] MEDIUM - Admin Privileges Assigned on DESKTOP-R2MQT0E
[2026-01-02 14:00:24] MEDIUM - Admin Privileges Assigned on DESKTOP-R2MQT0E
[2026-01-02 14:00:24] MEDIUM - Admin Privileges Assigned on DESKTOP-R2MQT0E
[2026-01-02 14:00:24] MEDIUM - Admin Privileges Assigned on DESKTOP-R2MQT0E
[2026-01-02 14:00:24] MEDIUM - Admin Privileges Assigned on DESKTOP-R2MQT0E
[2026-01-02 14:00:24] MEDIUM - Admin Privileges Assigned on DESKTOP-R2MQT0E
[2026-01-02 14:00:24] MEDIUM - Admin Privileges Assigned on DESKTOP-R2MQT0E
[2026-01-02 14:00:24] MEDIUM - Admin Privileges Assigned on DESKTOP-R2MQT0E
[2026-01-02 14:00:24] MEDIUM - Admin Privileges Assigned on DESKTOP-R2MQT0E
[2026-01-02 14:00:24] MEDIUM - Admin Privileges Assigned on DESKTOP-R2MQT0E
[2026-01-02 14:00:24] MEDIUM - Admin Privileges Assigned on DESKTOP-R2MQT0E
[2026-01-02 14:00:24] MEDIUM - Admin Privileges Assigned on DESKTOP-R2MQT0E
[2026-01-02 14:00:24] MEDIUM - Admin Privileges Assigned on DESKTOP-R2MQT0E
[2026-01-02 14:00:24] MEDIUM - Admin Privileges Assigned on DESKTOP-R2MQT0E
[2026-01-02 14:00:24] MEDIUM - Admin Privileges Assigned on DESKTOP-R2MQT0E
[2026-01-02 14:00:24] MEDIUM - Admin Privileges Assigned on DESKTOP-R2MQT0E
[2026-01-02 14:00:24] MEDIUM - Admin Privileges Assigned on DESKTOP-R2MQT0E
[2026-01-02 14:00:24] MEDIUM - Admin Privileges Assigned on DESKTOP-R2MQT0E
[2026-01-02 14:00:24] MEDIUM - Admin Privileges Assigned on DESKTOP-R2MQT0E
[2026-01-02 14:00:24] MEDIUM - Admin Privileges Assigned on DESKTOP-R2MQT0E
[2026-01-02 14:09:44] MEDIUM - Admin Privileges Assigned on LAPTOP-UCGEET2O
[2026-01-02 14:10:26] HIGH - Brute Force Detection on DESKTOP-R2MQT0E - 7 failed attempts
[2026-01-02 14:10:26] MEDIUM - Admin Privileges Assigned on DESKTOP-R2MQT0E
[2026-01-02 14:10:26] MEDIUM - Admin Privileges Assigned on DESKTOP-R2MQT0E
[2026-01-02 14:10:26] MEDIUM - Admin Privileges Assigned on DESKTOP-R2MQT0E
[2026-01-02 14:10:26] MEDIUM - Admin Privileges Assigned on DESKTOP-R2MQT0E
[2026-01-02 14:10:26] MEDIUM - Admin Privileges Assigned on DESKTOP-R2MQT0E
[2026-01-02 14:10:26] MEDIUM - Admin Privileges Assigned on DESKTOP-R2MQT0E
[2026-01-02 14:10:26] MEDIUM - Admin Privileges Assigned on DESKTOP-R2MQT0E
[2026-01-02 14:10:26] MEDIUM - Admin Privileges Assigned on DESKTOP-R2MQT0E
[2026-01-02 14:10:26] MEDIUM - Admin Privileges Assigned on DESKTOP-R2MQT0E
[2026-01-02 14:10:26] MEDIUM - Admin Privileges Assigned on DESKTOP-R2MQT0E
[2026-01-02 14:10:26] MEDIUM - Admin Privileges Assigned on DESKTOP-R2MQT0E
[2026-01-02 14:10:26] MEDIUM - Admin Privileges Assigned on DESKTOP-R2MQT0E
[2026-01-02 14:10:26] MEDIUM - Admin Privileges Assigned on DESKTOP-R2MQT0E
[2026-01-02 14:10:26] MEDIUM - Admin Privileges Assigned on DESKTOP-R2MQT0E
[2026-01-02 14:10:26] MEDIUM - Admin Privileges Assigned on DESKTOP-R2MQT0E
[2026-01-02 14:10:26] MEDIUM - Admin Privileges Assigned on DESKTOP-R2MQT0E
[2026-01-02 14:10:26] MEDIUM - Admin Privileges Assigned on DESKTOP-R2MQT0E
[2026-01-02 14:10:26] MEDIUM - Admin Privileges Assigned on DESKTOP-R2MQT0E
[2026-01-02 14:10:26] MEDIUM - Admin Privileges Assigned on DESKTOP-R2MQT0E
[2026-01-02 14:10:26] MEDIUM - Admin Privileges Assigned on DESKTOP-R2MQT0E
[2026-01-02 14:10:26] MEDIUM - Admin Privileges Assigned on DESKTOP-R2MQT0E
[2026-01-02 14:10:26] MEDIUM - Admin Privileges Assigned on DESKTOP-R2MQT0E
[2026-01-02 14:10:26] MEDIUM - Admin Privileges Assigned on DESKTOP-R2MQT0E
[2026-01-02 14:10:26] MEDIUM - Admin Privileges Assigned on DESKTOP-R2MQT0E
[2026-01-02 14:10:26] MEDIUM - Admin Privileges Assigned on DESKTOP-R2MQT0E
[2026-01-02 14:10:26] MEDIUM - Admin Privileges Assigned on DESKTOP-R2MQT0E
[2026-01-02 14:10:26] MEDIUM - Admin Privileges Assigned on DESKTOP-R2MQT0E
[2026-01-02 14:10:26] MEDIUM - Admin Privileges Assigned on DESKTOP-R2MQT0E
[2026-01-02 14:10:26] MEDIUM - Admin Privileges Assigned on DESKTOP-R2MQT0E
[2026-01-02 14:10:26] MEDIUM - Admin Privileges Assigned on DESKTOP-R2MQT0E
[2026-01-02 14:10:26] MEDIUM - Admin Privileges Assigned on DESKTOP-R2MQT0E
[2026-01-02 14:10:26] MEDIUM - Admin Privileges Assigned on DESKTOP-R2MQT0E
[2026-01-02 14:10:26] MEDIUM - Admin Privileges Assigned on DESKTOP-R2MQT0E
[2026-01-02 14:10:26] MEDIUM - Admin Privileges Assigned on DESKTOP-R2MQT0E
[2026-01-02 14:10:26] MEDIUM - Admin Privileges Assigned on DESKTOP-R2MQT0E
[2026-01-02 14:10:26] MEDIUM - Admin Privileges Assigned on DESKTOP-R2MQT0E
[2026-01-02 14:10:26] MEDIUM - Admin Privileges Assigned on DESKTOP-R2MQT0E
[2026-01-02 14:10:26] MEDIUM - Admin Privileges Assigned on DESKTOP-R2MQT0E
[2026-01-02 14:10:26] MEDIUM - Admin Privileges Assigned on DESKTOP-R2MQT0E
[2026-01-02 14:10:26] MEDIUM - Admin Privileges Assigned on DESKTOP-R2MQT0E
[2026-01-02 14:10:26] MEDIUM - Admin Privileges Assigned on DESKTOP-R2MQT0E
[2026-01-02 14:10:26] MEDIUM - Admin Privileges Assigned on DESKTOP-R2MQT0E
[2026-01-02 14:10:26] MEDIUM - Admin Privileges Assigned on DESKTOP-R2MQT0E
[2026-01-02 14:10:26] MEDIUM - Admin Privileges Assigned on DESKTOP-R2MQT0E
[2026-01-02 14:10:26] MEDIUM - Admin Privileges Assigned on DESKTOP-R2MQT0E
[2026-01-02 14:10:26] MEDIUM - Admin Privileges Assigned on DESKTOP-R2MQT0E
[2026-01-02 14:54:47] MEDIUM - Admin Privileges Assigned on LAPTOP-UCGEET2O
[2026-01-02 14:55:28] HIGH - Brute Force Detection on DESKTOP-R2MQT0E - 7 failed attempts
[2026-01-02 14:55:28] MEDIUM - Admin Privileges Assigned on DESKTOP-R2MQT0E
[2026-01-02 14:55:28] MEDIUM - Admin Privileges Assigned on DESKTOP-R2MQT0E
[2026-01-02 14:55:28] MEDIUM - Admin Privileges Assigned on DESKTOP-R2MQT0E
[2026-01-02 14:55:28] MEDIUM - Admin Privileges Assigned on DESKTOP-R2MQT0E
[2026-01-02 14:55:28] MEDIUM - Admin Privileges Assigned on DESKTOP-R2MQT0E
[2026-01-02 14:55:28] MEDIUM - Admin Privileges Assigned on DESKTOP-R2MQT0E
[2026-01-02 14:55:28] MEDIUM - Admin Privileges Assigned on DESKTOP-R2MQT0E
[2026-01-02 14:55:28] MEDIUM - Admin Privileges Assigned on DESKTOP-R2MQT0E
[2026-01-02 14:55:28] MEDIUM - Admin Privileges Assigned on DESKTOP-R2MQT0E
[2026-01-02 14:55:28] MEDIUM - Admin Privileges Assigned on DESKTOP-R2MQT0E
[2026-01-02 14:55:28] MEDIUM - Admin Privileges Assigned on DESKTOP-R2MQT0E
[2026-01-02 14:55:28] MEDIUM - Admin Privileges Assigned on DESKTOP-R2MQT0E
[2026-01-02 14:55:28] MEDIUM - Admin Privileges Assigned on DESKTOP-R2MQT0E
[2026-01-02 14:55:28] MEDIUM - Admin Privileges Assigned on DESKTOP-R2MQT0E
[2026-01-02 14:55:28] MEDIUM - Admin Privileges Assigned on DESKTOP-R2MQT0E
[2026-01-02 14:55:28] MEDIUM - Admin Privileges Assigned on DESKTOP-R2MQT0E
[2026-01-02 14:55:28] MEDIUM - Admin Privileges Assigned on DESKTOP-R2MQT0E
[2026-01-02 14:55:28] MEDIUM - Admin Privileges Assigned on DESKTOP-R2MQT0E
[2026-01-02 14:55:28] MEDIUM - Admin Privileges Assigned on DESKTOP-R2MQT0E
[2026-01-02 14:55:28] MEDIUM - Admin Privileges Assigned on DESKTOP-R2MQT0E
[2026-01-02 14:55:28] MEDIUM - Admin Privileges Assigned on DESKTOP-R2MQT0E
[2026-01-02 14:55:28] MEDIUM - Admin Privileges Assigned on DESKTOP-R2MQT0E
[2026-01-02 14:55:28] MEDIUM - Admin Privileges Assigned on DESKTOP-R2MQT0E
[2026-01-02 14:55:28] MEDIUM - Admin Privileges Assigned on DESKTOP-R2MQT0E
[2026-01-02 14:55:28] MEDIUM - Admin Privileges Assigned on DESKTOP-R2MQT0E
[2026-01-02 14:55:28] MEDIUM - Admin Privileges Assigned on DESKTOP-R2MQT0E
[2026-01-02 14:55:28] MEDIUM - Admin Privileges Assigned on DESKTOP-R2MQT0E
[2026-01-02 14:55:28] MEDIUM - Admin Privileges Assigned on DESKTOP-R2MQT0E
[2026-01-02 14:55:28] MEDIUM - Admin Privileges Assigned on DESKTOP-R2MQT0E
[2026-01-02 14:55:28] MEDIUM - Admin Privileges Assigned on DESKTOP-R2MQT0E
[2026-01-02 14:55:28] MEDIUM - Admin Privileges Assigned on DESKTOP-R2MQT0E
[2026-01-02 14:55:28] MEDIUM - Admin Privileges Assigned on DESKTOP-R2MQT0E
[2026-01-02 14:55:28] MEDIUM - Admin Privileges Assigned on DESKTOP-R2MQT0E
[2026-01-02 14:55:28] MEDIUM - Admin Privileges Assigned on DESKTOP-R2MQT0E
[2026-01-02 14:55:28] MEDIUM - Admin Privileges Assigned on DESKTOP-R2MQT0E
[2026-01-02 14:55:28] MEDIUM - Admin Privileges Assigned on DESKTOP-R2MQT0E
[2026-01-02 14:55:28] MEDIUM - Admin Privileges Assigned on DESKTOP-R2MQT0E
[2026-01-02 14:55:28] MEDIUM - Admin Privileges Assigned on DESKTOP-R2MQT0E
[2026-01-02 14:55:28] MEDIUM - Admin Privileges Assigned on DESKTOP-R2MQT0E
[2026-01-02 14:55:28] MEDIUM - Admin Privileges Assigned on DESKTOP-R2MQT0E
[2026-01-02 14:55:28] MEDIUM - Admin Privileges Assigned on DESKTOP-R2MQT0E
[2026-01-02 14:55:28] MEDIUM - Admin Privileges Assigned on DESKTOP-R2MQT0E
[2026-01-02 14:55:28] MEDIUM - Admin Privileges Assigned on DESKTOP-R2MQT0E
[2026-01-02 14:55:28] MEDIUM - Admin Privileges Assigned on DESKTOP-R2MQT0E
[2026-01-02 14:55:28] MEDIUM - Admin Privileges Assigned on DESKTOP-R2MQT0E
[2026-01-02 14:55:28] MEDIUM - Admin Privileges Assigned on DESKTOP-R2MQT0E
[2026-01-02 14:55:28] MEDIUM - Admin Privileges Assigned on DESKTOP-R2MQT0E
[2026-01-02 14:59:54] MEDIUM - Admin Privileges Assigned on DESKTOP-R2MQT0E
[2026-01-02 15:01:54] MEDIUM - Admin Privileges Assigned on LAPTOP-UCGEET2O
[2026-01-02 15:02:28] MEDIUM - Admin Privileges Assigned on DESKTOP-R2MQT0E
[2026-01-02 16:35:18] MEDIUM - Admin Privileges Assigned on DESKTOP-R2MQT0E
[2026-01-02 16:35:18] MEDIUM - Admin Privileges Assigned on DESKTOP-R2MQT0E
[2026-01-02 16:35:18] MEDIUM - Admin Privileges Assigned on DESKTOP-R2MQT0E
[2026-01-02 16:35:18] MEDIUM - Admin Privileges Assigned on DESKTOP-R2MQT0E
[2026-01-02 16:35:18] MEDIUM - Admin Privileges Assigned on DESKTOP-R2MQT0E
[2026-01-02 16:35:18] MEDIUM - Admin Privileges Assigned on DESKTOP-R2MQT0E
[2026-01-02 16:35:18] MEDIUM - Admin Privileges Assigned on DESKTOP-R2MQT0E
[2026-01-02 16:35:18] MEDIUM - Admin Privileges Assigned on DESKTOP-R2MQT0E
[2026-01-02 16:35:18] MEDIUM - Admin Privileges Assigned on DESKTOP-R2MQT0E
[2026-01-02 16:35:18] MEDIUM - Admin Privileges Assigned on DESKTOP-R2MQT0E
[2026-01-02 16:35:18] MEDIUM - Admin Privileges Assigned on DESKTOP-R2MQT0E
[2026-01-02 16:35:18] MEDIUM - Admin Privileges Assigned on DESKTOP-R2MQT0E
[2026-01-02 16:35:18] MEDIUM - Admin Privileges Assigned on DESKTOP-R2MQT0E
[2026-01-02 16:35:18] MEDIUM - Admin Privileges Assigned on DESKTOP-R2MQT0E
[2026-01-02 16:35:18] MEDIUM - Admin Privileges Assigned on DESKTOP-R2MQT0E
[2026-01-02 16:35:18] MEDIUM - Admin Privileges Assigned on DESKTOP-R2MQT0E
[2026-01-02 16:35:18] MEDIUM - Admin Privileges Assigned on DESKTOP-R2MQT0E
[2026-01-02 16:35:18] MEDIUM - Admin Privileges Assigned on DESKTOP-R2MQT0E
[2026-01-02 16:35:18] MEDIUM - Admin Privileges Assigned on DESKTOP-R2MQT0E
[2026-01-02 16:35:21] MEDIUM - Admin Privileges Assigned on DESKTOP-UJCET8E
[2026-01-02 16:35:21] MEDIUM - Admin Privileges Assigned on DESKTOP-UJCET8E
[2026-01-02 16:35:21] MEDIUM - Admin Privileges Assigned on DESKTOP-UJCET8E
[2026-01-02 16:35:21] MEDIUM - Admin Privileges Assigned on DESKTOP-UJCET8E
[2026-01-02 16:35:21] MEDIUM - Admin Privileges Assigned on DESKTOP-UJCET8E
[2026-01-02 16:35:21] MEDIUM - Admin Privileges Assigned on DESKTOP-UJCET8E
[2026-01-02 16:35:21] MEDIUM - Admin Privileges Assigned on DESKTOP-UJCET8E
[2026-01-02 16:35:21] MEDIUM - Admin Privileges Assigned on DESKTOP-UJCET8E
[2026-01-02 16:35:21] MEDIUM - Admin Privileges Assigned on DESKTOP-UJCET8E
[2026-01-02 16:35:21] MEDIUM - Admin Privileges Assigned on DESKTOP-UJCET8E
[2026-01-02 16:35:21] MEDIUM - Admin Privileges Assigned on DESKTOP-UJCET8E
[2026-01-02 16:35:21] MEDIUM - Admin Privileges Assigned on DESKTOP-UJCET8E
[2026-01-02 16:35:21] MEDIUM - Admin Privileges Assigned on DESKTOP-UJCET8E
[2026-01-02 16:35:21] MEDIUM - Admin Privileges Assigned on DESKTOP-UJCET8E
[2026-01-02 16:35:21] MEDIUM - Admin Privileges Assigned on DESKTOP-UJCET8E
[2026-01-02 16:35:21] MEDIUM - Admin Privileges Assigned on DESKTOP-UJCET8E
[2026-01-02 16:35:21] MEDIUM - Admin Privileges Assigned on DESKTOP-UJCET8E
[2026-01-02 16:35:21] MEDIUM - Admin Privileges Assigned on DESKTOP-UJCET8E
[2026-01-02 16:35:21] MEDIUM - Admin Privileges Assigned on DESKTOP-UJCET8E
[2026-01-02 16:35:21] MEDIUM - Admin Privileges Assigned on DESKTOP-UJCET8E
[2026-01-02 16:35:21] MEDIUM - Admin Privileges Assigned on DESKTOP-UJCET8E
[2026-01-02 16:35:21] MEDIUM - Admin Privileges Assigned on DESKTOP-UJCET8E
[2026-01-02 16:35:21] MEDIUM - Admin Privileges Assigned on DESKTOP-UJCET8E
[2026-01-02 16:35:21] MEDIUM - Admin Privileges Assigned on DESKTOP-UJCET8E
[2026-01-02 16:35:21] MEDIUM - Admin Privileges Assigned on DESKTOP-UJCET8E
[2026-01-02 16:35:21] MEDIUM - Admin Privileges Assigned on DESKTOP-UJCET8E
[2026-01-02 16:35:21] MEDIUM - Admin Privileges Assigned on DESKTOP-UJCET8E
[2026-01-02 16:35:21] MEDIUM - Admin Privileges Assigned on DESKTOP-UJCET8E
[2026-01-02 16:35:21] MEDIUM - Admin Privileges Assigned on DESKTOP-UJCET8E
[2026-01-02 16:35:21] MEDIUM - Admin Privileges Assigned on DESKTOP-UJCET8E
[2026-01-02 16:35:21] MEDIUM - Admin Privileges Assigned on DESKTOP-UJCET8E
[2026-01-02 16:35:21] MEDIUM - Admin Privileges Assigned on DESKTOP-UJCET8E
[2026-01-02 16:35:21] MEDIUM - Admin Privileges Assigned on DESKTOP-UJCET8E
[2026-01-02 16:35:21] MEDIUM - Admin Privileges Assigned on DESKTOP-UJCET8E
[2026-01-02 16:35:21] MEDIUM - Admin Privileges Assigned on DESKTOP-UJCET8E
[2026-01-02 16:35:21] MEDIUM - Admin Privileges Assigned on DESKTOP-UJCET8E
[2026-01-02 16:35:21] MEDIUM - Admin Privileges Assigned on DESKTOP-UJCET8E
[2026-01-02 16:35:21] MEDIUM - Admin Privileges Assigned on DESKTOP-UJCET8E
[2026-01-02 16:35:21] MEDIUM - Admin Privileges Assigned on DESKTOP-UJCET8E
[2026-01-02 16:35:21] MEDIUM - Admin Privileges Assigned on DESKTOP-UJCET8E
[2026-01-02 16:35:21] MEDIUM - Admin Privileges Assigned on DESKTOP-UJCET8E
[2026-01-02 16:35:21] MEDIUM - Admin Privileges Assigned on DESKTOP-UJCET8E
[2026-01-02 16:35:21] MEDIUM - Admin Privileges Assigned on DESKTOP-UJCET8E
[2026-01-02 16:35:21] MEDIUM - Admin Privileges Assigned on DESKTOP-UJCET8E
[2026-01-02 16:35:21] MEDIUM - Admin Privileges Assigned on DESKTOP-UJCET8E
[2026-01-02 16:56:28] MEDIUM - Admin Privileges Assigned on LAPTOP-UCGEET2O
